Component: ARM Compiler 6.16 Tool: armlink [5dfeaa00]

==============================================================================

Section Cross References

    lab1q4.o(RESET) refers to lab1q4.o(MYCODE) for Reset_Handler
    lab1q4.o(MYCODE) refers to lab1q4.o(MYDATA) for SRC


==============================================================================

Image Symbol Table

    Local Symbols

    Symbol Name                              Value     Ov Type        Size  Object(Section)

    lab1q4.s                                 0x00000000   Number         0  lab1q4.o ABSOLUTE
    RESET                                    0x00000000   Section        8  lab1q4.o(RESET)
    MYCODE                                   0x00000008   Section       36  lab1q4.o(MYCODE)
    SRC                                      0x10000000   Data          40  lab1q4.o(MYDATA)
    MYDATA                                   0x10000000   Section       40  lab1q4.o(MYDATA)

    Global Symbols

    Symbol Name                              Value     Ov Type        Size  Object(Section)

    BuildAttributes$$THM_ISAv4$P$D$K$B$S$A:L22UL41UL21$X:L11$S22US41US21$IEEE1$~IW$USESV6$~STKCKD$USESV7$~SHL$OSPACE$EBA8$STANDARDLIB$PRES8$EABIv2 0x00000000   Number         0  anon$$obj.o ABSOLUTE
    __Vectors                                0x00000000   Data           0  lab1q4.o(RESET)
    Reset_Handler                            0x00000009   Thumb Code     0  lab1q4.o(MYCODE)



==============================================================================

Memory Map of the image

  Image Entry point : 0x00000009

  Load Region LR_1 (Base: 0x00000000, Size: 0x00000054, Max: 0xffffffff, ABSOLUTE)

    Execution Region ER_RO (Exec base: 0x00000000, Load base: 0x00000000, Size: 0x0000002c, Max: 0xffffffff, ABSOLUTE)

    Exec Addr    Load Addr    Size         Type   Attr      Idx    E Section Name        Object

    0x00000000   0x00000000   0x00000008   Data   RO            1    RESET               lab1q4.o
    0x00000008   0x00000008   0x00000024   Code   RO            2  * MYCODE              lab1q4.o


    Execution Region ER_RW (Exec base: 0x10000000, Load base: 0x0000002c, Size: 0x00000028, Max: 0xffffffff, ABSOLUTE)

    Exec Addr    Load Addr    Size         Type   Attr      Idx    E Section Name        Object

    0x10000000   0x0000002c   0x00000028   Data   RW            3    MYDATA              lab1q4.o


    Execution Region ER_ZI (Exec base: 0x10000028, Load base: 0x00000054, Size: 0x00000000, Max: 0xffffffff, ABSOLUTE)

    **** No section assigned to this execution region ****


==============================================================================

Image component sizes


      Code (inc. data)   RO Data    RW Data    ZI Data      Debug   Object Name

        36          4          8         40          0        232   lab1q4.o

    ----------------------------------------------------------------------
        36          4          8         40          0        232   Object Totals
         0          0          0          0          0          0   (incl. Generated)
         0          0          0          0          0          0   (incl. Padding)

    ----------------------------------------------------------------------
         0          0          0          0          0          0   Library Totals
         0          0          0          0          0          0   (incl. Padding)

    ----------------------------------------------------------------------

==============================================================================


      Code (inc. data)   RO Data    RW Data    ZI Data      Debug   

        36          4          8         40          0        232   Grand Totals
        36          4          8         40          0        232   ELF Image Totals
        36          4          8         40          0          0   ROM Totals

==============================================================================

    Total RO  Size (Code + RO Data)                   44 (   0.04kB)
    Total RW  Size (RW Data + ZI Data)                40 (   0.04kB)
    Total ROM Size (Code + RO Data + RW Data)         84 (   0.08kB)

==============================================================================

