Component: ARM Compiler 6.16 Tool: armlink [5dfeaa00]

==============================================================================

Section Cross References

    l2q4.o(RESET) refers to l2q4.o(MYCODE) for Reset_Handler
    l2q4.o(MYCODE) refers to l2q4.o(MYDATA) for DST


==============================================================================

Image Symbol Table

    Local Symbols

    Symbol Name                              Value     Ov Type        Size  Object(Section)

    l2q4.s                                   0x00000000   Number         0  l2q4.o ABSOLUTE
    RESET                                    0x00000000   Section        8  l2q4.o(RESET)
    MYCODE                                   0x00000008   Section      104  l2q4.o(MYCODE)
    VAL1                                     0x00000044   Data          16  l2q4.o(MYCODE)
    VAL2                                     0x00000054   Data          16  l2q4.o(MYCODE)
    DST                                      0x10000000   Data           4  l2q4.o(MYDATA)
    MYDATA                                   0x10000000   Section        4  l2q4.o(MYDATA)

    Global Symbols

    Symbol Name                              Value     Ov Type        Size  Object(Section)

    BuildAttributes$$THM_ISAv4$P$D$K$B$S$A:L22UL41UL21$X:L11$S22US41US21$IEEE1$~IW$USESV6$~STKCKD$USESV7$~SHL$OSPACE$EBA8$STANDARDLIB$PRES8$EABIv2 0x00000000   Number         0  anon$$obj.o ABSOLUTE
    __Vectors                                0x00000000   Data           0  l2q4.o(RESET)
    Reset_Handler                            0x00000009   Thumb Code     0  l2q4.o(MYCODE)



==============================================================================

Memory Map of the image

  Image Entry point : 0x00000009

  Load Region LR_1 (Base: 0x00000000, Size: 0x00000074, Max: 0xffffffff, ABSOLUTE)

    Execution Region ER_RO (Exec base: 0x00000000, Load base: 0x00000000, Size: 0x00000070, Max: 0xffffffff, ABSOLUTE)

    Exec Addr    Load Addr    Size         Type   Attr      Idx    E Section Name        Object

    0x00000000   0x00000000   0x00000008   Data   RO            1    RESET               l2q4.o
    0x00000008   0x00000008   0x00000068   Code   RO            2  * MYCODE              l2q4.o


    Execution Region ER_RW (Exec base: 0x10000000, Load base: 0x00000070, Size: 0x00000004, Max: 0xffffffff, ABSOLUTE)

    Exec Addr    Load Addr    Size         Type   Attr      Idx    E Section Name        Object

    0x10000000   0x00000070   0x00000004   Data   RW            3    MYDATA              l2q4.o


    Execution Region ER_ZI (Exec base: 0x10000004, Load base: 0x00000074, Size: 0x00000000, Max: 0xffffffff, ABSOLUTE)

    **** No section assigned to this execution region ****


==============================================================================

Image component sizes


      Code (inc. data)   RO Data    RW Data    ZI Data      Debug   Object Name

       104         46          8          4          0        216   l2q4.o

    ----------------------------------------------------------------------
       104         46          8          4          0        216   Object Totals
         0          0          0          0          0          0   (incl. Generated)
         0          0          0          0          0          0   (incl. Padding)

    ----------------------------------------------------------------------
         0          0          0          0          0          0   Library Totals
         0          0          0          0          0          0   (incl. Padding)

    ----------------------------------------------------------------------

==============================================================================


      Code (inc. data)   RO Data    RW Data    ZI Data      Debug   

       104         46          8          4          0        216   Grand Totals
       104         46          8          4          0        216   ELF Image Totals
       104         46          8          4          0          0   ROM Totals

==============================================================================

    Total RO  Size (Code + RO Data)                  112 (   0.11kB)
    Total RW  Size (RW Data + ZI Data)                 4 (   0.00kB)
    Total ROM Size (Code + RO Data + RW Data)        116 (   0.11kB)

==============================================================================

