Component: ARM Compiler 6.16 Tool: armlink [5dfeaa00]

==============================================================================

Section Cross References

    l4q4.o(RESET) refers to l4q4.o(myCode) for Reset_Handler
    l4q4.o(myCode) refers to l4q4.o(MYDATA) for DST


==============================================================================

Image Symbol Table

    Local Symbols

    Symbol Name                              Value     Ov Type        Size  Object(Section)

    l4q4.s                                   0x00000000   Number         0  l4q4.o ABSOLUTE
    RESET                                    0x00000000   Section        8  l4q4.o(RESET)
    myCode                                   0x00000008   Section      148  l4q4.o(myCode)
    SRC1                                     0x00000088   Data           4  l4q4.o(myCode)
    SRC2                                     0x0000008c   Data           4  l4q4.o(myCode)
    DST                                      0x10000000   Data           4  l4q4.o(MYDATA)
    MYDATA                                   0x10000000   Section        4  l4q4.o(MYDATA)

    Global Symbols

    Symbol Name                              Value     Ov Type        Size  Object(Section)

    BuildAttributes$$THM_ISAv4$P$D$K$B$S$A:L22UL41UL21$X:L11$S22US41US21$IEEE1$~IW$USESV6$~STKCKD$USESV7$~SHL$OSPACE$EBA8$STANDARDLIB$PRES8$EABIv2 0x00000000   Number         0  anon$$obj.o ABSOLUTE
    __Vectors                                0x00000000   Data           0  l4q4.o(RESET)
    Reset_Handler                            0x00000009   Thumb Code     0  l4q4.o(myCode)



==============================================================================

Memory Map of the image

  Image Entry point : 0x00000009

  Load Region LR_1 (Base: 0x00000000, Size: 0x000000a0, Max: 0xffffffff, ABSOLUTE)

    Execution Region ER_RO (Exec base: 0x00000000, Load base: 0x00000000, Size: 0x0000009c, Max: 0xffffffff, ABSOLUTE)

    Exec Addr    Load Addr    Size         Type   Attr      Idx    E Section Name        Object

    0x00000000   0x00000000   0x00000008   Code   RO            1    RESET               l4q4.o
    0x00000008   0x00000008   0x00000094   Code   RO            2  * myCode              l4q4.o


    Execution Region ER_RW (Exec base: 0x10000000, Load base: 0x0000009c, Size: 0x00000004, Max: 0xffffffff, ABSOLUTE)

    Exec Addr    Load Addr    Size         Type   Attr      Idx    E Section Name        Object

    0x10000000   0x0000009c   0x00000004   Data   RW            3    MYDATA              l4q4.o


    Execution Region ER_ZI (Exec base: 0x10000004, Load base: 0x000000a0, Size: 0x00000000, Max: 0xffffffff, ABSOLUTE)

    **** No section assigned to this execution region ****


==============================================================================

Image component sizes


      Code (inc. data)   RO Data    RW Data    ZI Data      Debug   Object Name

       156         28          0          4          0        384   l4q4.o

    ----------------------------------------------------------------------
       156         28          0          4          0        384   Object Totals
         0          0          0          0          0          0   (incl. Generated)
         0          0          0          0          0          0   (incl. Padding)

    ----------------------------------------------------------------------
         0          0          0          0          0          0   Library Totals
         0          0          0          0          0          0   (incl. Padding)

    ----------------------------------------------------------------------

==============================================================================


      Code (inc. data)   RO Data    RW Data    ZI Data      Debug   

       156         28          0          4          0        384   Grand Totals
       156         28          0          4          0        384   ELF Image Totals
       156         28          0          4          0          0   ROM Totals

==============================================================================

    Total RO  Size (Code + RO Data)                  156 (   0.15kB)
    Total RW  Size (RW Data + ZI Data)                 4 (   0.00kB)
    Total ROM Size (Code + RO Data + RW Data)        160 (   0.16kB)

==============================================================================

