Component: ARM Compiler 6.16 Tool: armlink [5dfeaa00]

==============================================================================

Section Cross References

    b.o(RESET) refers to b.o(mycode) for Reset_Handler
    b.o(mycode) refers to b.o(mydata) for DST


==============================================================================

Image Symbol Table

    Local Symbols

    Symbol Name                              Value     Ov Type        Size  Object(Section)

    b.s                                      0x00000000   Number         0  b.o ABSOLUTE
    RESET                                    0x00000000   Section        8  b.o(RESET)
    mycode                                   0x00000008   Section       20  b.o(mycode)
    SRC                                      0x00000010   Data           4  b.o(mycode)
    DST                                      0x10000000   Data           4  b.o(mydata)
    mydata                                   0x10000000   Section        4  b.o(mydata)

    Global Symbols

    Symbol Name                              Value     Ov Type        Size  Object(Section)

    BuildAttributes$$THM_ISAv4$P$D$K$B$S$A:L22UL41UL21$X:L11$S22US41US21$IEEE1$~IW$USESV6$~STKCKD$USESV7$~SHL$OSPACE$EBA8$STANDARDLIB$PRES8$EABIv2 0x00000000   Number         0  anon$$obj.o ABSOLUTE
    __Vectors                                0x00000000   Data           0  b.o(RESET)
    Reset_Handler                            0x00000009   Thumb Code     0  b.o(mycode)



==============================================================================

Memory Map of the image

  Image Entry point : 0x00000009

  Load Region LR_1 (Base: 0x00000000, Size: 0x00000020, Max: 0xffffffff, ABSOLUTE)

    Execution Region ER_RO (Exec base: 0x00000000, Load base: 0x00000000, Size: 0x0000001c, Max: 0xffffffff, ABSOLUTE)

    Exec Addr    Load Addr    Size         Type   Attr      Idx    E Section Name        Object

    0x00000000   0x00000000   0x00000008   Code   RO            1    RESET               b.o
    0x00000008   0x00000008   0x00000014   Code   RO            2  * mycode              b.o


    Execution Region ER_RW (Exec base: 0x10000000, Load base: 0x0000001c, Size: 0x00000004, Max: 0xffffffff, ABSOLUTE)

    Exec Addr    Load Addr    Size         Type   Attr      Idx    E Section Name        Object

    0x10000000   0x0000001c   0x00000004   Data   RW            3    mydata              b.o


    Execution Region ER_ZI (Exec base: 0x10000004, Load base: 0x00000020, Size: 0x00000000, Max: 0xffffffff, ABSOLUTE)

    **** No section assigned to this execution region ****


==============================================================================

Image component sizes


      Code (inc. data)   RO Data    RW Data    ZI Data      Debug   Object Name

        28         20          0          4          0        352   b.o

    ----------------------------------------------------------------------
        28         20          0          4          0        352   Object Totals
         0          0          0          0          0          0   (incl. Generated)
         0          0          0          0          0          0   (incl. Padding)

    ----------------------------------------------------------------------
         0          0          0          0          0          0   Library Totals
         0          0          0          0          0          0   (incl. Padding)

    ----------------------------------------------------------------------

==============================================================================


      Code (inc. data)   RO Data    RW Data    ZI Data      Debug   

        28         20          0          4          0        352   Grand Totals
        28         20          0          4          0        352   ELF Image Totals
        28         20          0          4          0          0   ROM Totals

==============================================================================

    Total RO  Size (Code + RO Data)                   28 (   0.03kB)
    Total RW  Size (RW Data + ZI Data)                 4 (   0.00kB)
    Total ROM Size (Code + RO Data + RW Data)         32 (   0.03kB)

==============================================================================

