Component: ARM Compiler 6.16 Tool: armlink [5dfeaa00]

==============================================================================

Section Cross References

    l5q3.o(RESET) refers to l5q3.o(myCode) for Reset_Handler
    l5q3.o(myCode) refers to l5q3.o(MYDATA) for DST


==============================================================================

Image Symbol Table

    Local Symbols

    Symbol Name                              Value     Ov Type        Size  Object(Section)

    l5q3.s                                   0x00000000   Number         0  l5q3.o ABSOLUTE
    RESET                                    0x00000000   Section        8  l5q3.o(RESET)
    myCode                                   0x00000008   Section      128  l5q3.o(myCode)
    SRC                                      0x00000050   Data          36  l5q3.o(myCode)
    KEY                                      0x00000074   Data           4  l5q3.o(myCode)
    DST                                      0x10000000   Data           4  l5q3.o(MYDATA)
    MYDATA                                   0x10000000   Section        4  l5q3.o(MYDATA)

    Global Symbols

    Symbol Name                              Value     Ov Type        Size  Object(Section)

    BuildAttributes$$THM_ISAv4$P$D$K$B$S$A:L22UL41UL21$X:L11$S22US41US21$IEEE1$~IW$USESV6$~STKCKD$USESV7$~SHL$OSPACE$EBA8$STANDARDLIB$PRES8$EABIv2 0x00000000   Number         0  anon$$obj.o ABSOLUTE
    __Vectors                                0x00000000   Data           0  l5q3.o(RESET)
    Reset_Handler                            0x00000009   Thumb Code     0  l5q3.o(myCode)



==============================================================================

Memory Map of the image

  Image Entry point : 0x00000009

  Load Region LR_1 (Base: 0x00000000, Size: 0x0000008c, Max: 0xffffffff, ABSOLUTE)

    Execution Region ER_RO (Exec base: 0x00000000, Load base: 0x00000000, Size: 0x00000088, Max: 0xffffffff, ABSOLUTE)

    Exec Addr    Load Addr    Size         Type   Attr      Idx    E Section Name        Object

    0x00000000   0x00000000   0x00000008   Code   RO            1    RESET               l5q3.o
    0x00000008   0x00000008   0x00000080   Code   RO            2  * myCode              l5q3.o


    Execution Region ER_RW (Exec base: 0x10000000, Load base: 0x00000088, Size: 0x00000004, Max: 0xffffffff, ABSOLUTE)

    Exec Addr    Load Addr    Size         Type   Attr      Idx    E Section Name        Object

    0x10000000   0x00000088   0x00000004   Data   RW            3    MYDATA              l5q3.o


    Execution Region ER_ZI (Exec base: 0x10000004, Load base: 0x0000008c, Size: 0x00000000, Max: 0xffffffff, ABSOLUTE)

    **** No section assigned to this execution region ****


==============================================================================

Image component sizes


      Code (inc. data)   RO Data    RW Data    ZI Data      Debug   Object Name

       136         64          0          4          0        384   l5q3.o

    ----------------------------------------------------------------------
       136         64          0          4          0        384   Object Totals
         0          0          0          0          0          0   (incl. Generated)
         0          0          0          0          0          0   (incl. Padding)

    ----------------------------------------------------------------------
         0          0          0          0          0          0   Library Totals
         0          0          0          0          0          0   (incl. Padding)

    ----------------------------------------------------------------------

==============================================================================


      Code (inc. data)   RO Data    RW Data    ZI Data      Debug   

       136         64          0          4          0        384   Grand Totals
       136         64          0          4          0        384   ELF Image Totals
       136         64          0          4          0          0   ROM Totals

==============================================================================

    Total RO  Size (Code + RO Data)                  136 (   0.13kB)
    Total RW  Size (RW Data + ZI Data)                 4 (   0.00kB)
    Total ROM Size (Code + RO Data + RW Data)        140 (   0.14kB)

==============================================================================

