<html>
<body>
<pre>
<h1>µVision Build Log</h1>
<h2>Tool Versions:</h2>
IDE-Version: µVision V5.34.0.0
Copyright (C) 2021 ARM Ltd and ARM Germany GmbH. All rights reserved.
License Information: Ayush Goyal, Manipal Institute of Technology, LIC=----
 
Tool Versions:
Toolchain:       MDK-Lite  Version: 5.34.0.0
Toolchain Path:  C:\Keil_v5\ARM\ARMCLANG\Bin
C Compiler:      ArmClang.exe V6.16
Assembler:       Armasm.exe V6.16
Linker/Locator:  ArmLink.exe V6.16
Library Manager: ArmAr.exe V6.16
Hex Converter:   FromElf.exe V6.16
CPU DLL:         SARMCM3.DLL V5.34.0.0
Dialog DLL:      DCM.DLL V1.17.3.0
Target DLL:      UL2CM3.DLL V1.163.9.0
Dialog DLL:      TCM.DLL V1.48.0.0
 
<h2>Project:</h2>
D:\CSE\CSE Labs\ES_Keil\190905522\Interfacing\Lab6.uvprojx
Project File Date:  06/04/2021

<h2>Output:</h2>
*** Using Compiler 'V6.16', folder: 'C:\Keil_v5\ARM\ARMCLANG\Bin'
Build target 'Target 1'
l6q1.c(4): warning: no previous extern declaration for non-static variable 'LED' [-Wmissing-variable-declarations]
unsigned long LED = 0x00000010;
              ^
l6q1.c(4): note: declare 'static' if the variable is not intended to be used outside of this translation unit
unsigned long LED = 0x00000010;
^
l6q1.c(30): warning: no newline at end of file [-Wnewline-eof]
}
 ^
l6q1.c(3): warning: no previous extern declaration for non-static variable 'i' [-Wmissing-variable-declarations]
unsigned int i,j;
             ^
l6q1.c(3): note: declare 'static' if the variable is not intended to be used outside of this translation unit
unsigned int i,j;
^
l6q1.c(3): warning: no previous extern declaration for non-static variable 'j' [-Wmissing-variable-declarations]
unsigned int i,j;
               ^
l6q1.c(3): note: declare 'static' if the variable is not intended to be used outside of this translation unit
unsigned int i,j;
^
4 warnings generated.
compiling l6q1.c...
linking...
Program Size: Code=1068 RO-data=252 RW-data=8 ZI-data=616  
FromELF: creating hex file...
".\Objects\Lab6.axf" - 0 Error(s), 4 Warning(s).

<h2>Software Packages used:</h2>

Package Vendor: Keil
                http://www.keil.com/pack/Keil.LPC1700_DFP.2.6.0.pack
                Keil.LPC1700_DFP.2.6.0
                NXP LPC1700 Series Device Support, Drivers and Examples for MCB1700 and LPC1788-32
   * Component: GPIO Version: 1.1.0
   * Component: Startup Version: 1.0.0

<h2>Collection of Component include folders:</h2>
  .\RTE\_Target_1
  C:\Users\HP\AppData\Local\Arm\Packs\Keil\LPC1700_DFP\2.6.0\Device\Include
  C:\Users\HP\AppData\Local\Arm\Packs\Keil\LPC1700_DFP\2.6.0\RTE_Driver

<h2>Collection of Component Files used:</h2>

   * Component: Keil::Device:GPIO:1.1.0
      Include file:  RTE_Driver\GPIO_LPC17xx.h
      Source file:   RTE_Driver\GPIO_LPC17xx.c

   * Component: Keil::Device:Startup:1.0.0
      Include file:  Device\Include\LPC17xx.h
      Source file:   Device\Source\ARM\startup_LPC17xx.s
      Source file:   Device\Source\system_LPC17xx.c
Build Time Elapsed:  00:00:01
</pre>
</body>
</html>
