<html>
<body>
<pre>
<h1>µVision Build Log</h1>
<h2>Project:</h2>
D:\CSE\CSE Labs\ES_Keil\190905522\Interfacing_Lab6\Lab6.uvproj
Project File Date:  06/04/2021

<h2>Output:</h2>
Build target 'Target 1'
compiling l6q3.c...
linking...
Program Size: Code=1320 RO-data=264 RW-data=16 ZI-data=608  
FromELF: creating hex file...
".\Lab6.axf" - 0 Error(s), 0 Warning(s).
</pre>
</body>
</html>
2  
FromELF: creating hex file...
".\Lab6.axf" - 0 Error(s), 1 Warning(s).
.
".\Lab6.axf" - 0 Error(s), 1 Warning(s).
.
